// Jest Snapshot v1, https://goo.gl/fbAQLP

exports[`Selected Shop renders correctly 1`] = `
<View
  style={
    Object {
      "backgroundColor": "#ffffff",
      "borderRadius": 10,
      "flexDirection": "row",
      "height": 100,
      "padding": 20,
      "width": "100%",
    }
  }
>
  <Image
    resizeMode="contain"
    source={
      Object {
        "uri": "https://logos-download.com/wp-content/uploads/2016/05/Costa_Coffee_logo_logotype-700x700.png",
      }
    }
    style={
      Object {
        "height": 60,
        "marginRight": 20,
        "width": 60,
      }
    }
    testID="TEST_ID_IMAGE_SHOP"
  />
  <View>
    <Text
      style={
        Object {
          "color": "#000000",
          "fontSize": 25,
        }
      }
      testID="TEST_ID_SHOP_NAME"
    >
      Costa Coffee
    </Text>
    <Text
      style={
        Object {
          "color": "grey",
        }
      }
      testID="TEST_ID_SHOP_DESCRIPTION"
    >
      The best coffee
    </Text>
  </View>
</View>
`;
